Update a user's status to 'suspended'. A suspended user cannot log into the platform

Usage:
  coder users suspend <username|user_id> [flags]

Aliases:
  suspend, rm, delete

Get Started:
  [;m$ coder users suspend example_user[0m 

Flags:
  -c, --column stringArray   Specify a column to filter in the table. (default
                             [username,email,created_at,status])
  -h, --help                 help for suspend
