Show a single user. Use 'me' to indicate the currently authenticated user.

Usage:
  coder users show <username|user_id|'me'> [flags]

Get Started:
  [;m$ coder users show me[0m 

Options
  -h, --help  
          help for show.
          
  -o, --output string   (default "table")
          Output format. Available formats: table, json.
