Usage:
  coder agent [flags]

Options
      --auth string   (default "token")
          $$CODER_AGENT_AUTH
          Specify the authentication type to use for the agent.
          
  -h, --help  
          help for agent.
          
      --log-dir string   (default "/tmp")
          $$CODER_AGENT_LOG_DIR
          Specify the location for the agent log files.
          
      --no-reap  
          Do not start a process reaper.
          
      --pprof-address string   (default "127.0.0.1:6060")
          $$CODER_AGENT_PPROF_ADDRESS
          The address to serve pprof.
          
      --ssh-max-timeout duration  
          $$CODER_AGENT_SSH_MAX_TIMEOUT
          Specify the max timeout for a SSH connection.
