Add an SSH Host entry for your workspaces "ssh coder.workspace"

Usage:
  coder config-ssh [flags]

Get Started:
  - You can use -o (or --ssh-option) so set SSH options to be used for all your 
    workspaces:                                                                 

      [;m$ coder config-ssh -o ForwardAgent=yes[0m 

  - You can use --dry-run (or -n) to see the changes that would be made:        

      [;m$ coder config-ssh --dry-run[0m 

Options
  -n, --dry-run  
          Perform a trial run with no changes made, showing a diff at the end.
          
  -h, --help  
          help for config-ssh.
          
      --ssh-config-file string   (default "~/.ssh/config")
          $$CODER_SSH_CONFIG_FILE
          Specifies the path to an SSH config.
          
      --ssh-host-prefix string  
          Override the default host prefix.
          
  -o, --ssh-option stringArray  
          Specifies additional SSH options to embed in each host stanza.
          
      --use-previous-options  
          $$CODER_SSH_USE_PREVIOUS_OPTIONS
          Specifies whether or not to keep options from previous run of config-ssh.
          
  -y, --yes  
          Bypass prompts.
