List all the templates available for the organization

Usage:
  coder templates list [flags]

Aliases:
  list, ls

Flags:
  -c, --column strings   Columns to display in table output. Available columns: name, created
                         at, last updated, organization id, provisioner, active version id,
                         used by, default ttl (default [name,last updated,used by])
  -h, --help             help for list
  -o, --output string    Output format. Available formats: table, json (default "table")
