Run upload and download tests from your machine to a workspace

Usage:
  coder speedtest <workspace> [flags]

Options
  -d, --direct  
          Specifies whether to wait for a direct connection before testing speed.
          
      --direction string   (default "down")
          Specifies whether to run in reverse mode where the client receives and
          the server sends. (up|down).
          
  -h, --help  
          help for speedtest.
          
  -t, --time duration   (default 5s)
          Specifies the duration to monitor traffic.
