List workspaces

Usage:
  coder list [flags]

Aliases:
  list, ls

Options
  -a, --all  
          Specifies whether all workspaces will be listed or not.
          
  -c, --column strings   (default [workspace,template,status,last built,outdated,starts
          at,stops after])
          Columns to display in table output. Available columns: workspace,
          template, status, last built, outdated, starts at, stops after.
          
  -h, --help  
          help for list.
          
  -o, --output string   (default "table")
          Output format. Available formats: table, json.
          
      --search string   (default "owner:me")
          Search for a workspace with a query.
