Usage:
  coder users list [flags]

Aliases:
  list, ls

Options
  -c, --column strings   (default [username,email,created_at,status])
          Columns to display in table output. Available columns: id, username,
          email, created at, status.
          
  -h, --help  
          help for list.
          
  -o, --output string   (default "table")
          Output format. Available formats: table, json.
