Edit the metadata of a template by name.

Usage:
  coder templates edit [flags] <template>

Flags:
      --allow-user-cancel-workspace-jobs   Allow users to cancel in-progress workspace jobs. (default: true)
      --default-ttl duration               Edit the template default time before shutdown -
                                           workspaces created from this template default to
                                           this value.
      --description string                 Edit the template description.
      --display-name string                Edit the template display name.
      --icon string                        Edit the template icon path.
      --max-ttl duration                   Edit the template maximum time before shutdown -
                                           workspaces created from this template must shutdown
                                           within the given duration after starting. This is
                                           an enterprise-only feature.
      --name string                        Edit the template name.
  -y, --yes                                Bypass prompts.
