Manage different versions of the specified template

Usage:
  coder templates versions

Aliases:
  versions, version

- List versions of a specific template:                                       

      [;m$ coder templates versions list my-template[0m

Commands:
  list List all the versions of the specified template

