Schedule automated start and stop times for workspaces

Usage:
  coder schedule { show | start | stop | override } <workspace> [flags]

  coder schedule [command]

Commands:
  override-stop Edit stop time of active workspace
  show          Show workspace schedule
  start         Edit workspace start schedule
  stop          Edit workspace stop schedule

Flags:
  -h, --help   help for schedule

Use "coder schedule [command] --help" for more information about a command.
