Update a user's status to 'suspended'. A suspended user cannot log into the platform

Usage:
  coder users suspend <username|user_id> [flags]

Aliases:
  suspend, rm, delete

Get Started:
  [;m$ coder users suspend example_user[0m 

Options
  -c, --column stringArray   (default [username,email,created_at,status])
          Specify a column to filter in the table.
          
  -h, --help  
          help for suspend.
