Ping a workspace

Usage:
  coder ping <workspace> [flags]

Options
  -h, --help  
          help for ping.
          
  -n, --num int   (default 10)
          Specifies the number of pings to perform.
          
  -t, --timeout duration   (default 5s)
          Specifies how long to wait for a ping to complete.
          
  -v, --verbose  
          Enables verbose logging.
          
      --wait duration   (default 1s)
          Specifies how long to wait between pings.
