Create a token

Usage:
  coder tokens create [flags]

Flags:
      --lifetime duration   Specify a duration for the lifetime of the token.
                            Consumes $CODER_TOKEN_LIFETIME (default: 720h0m0s)
  -n, --name string         Specify a human-readable name.
                            Consumes $CODER_TOKEN_NAME
