List all the templates available for the organization

Usage:
  coder templates list [flags]

Aliases:
  list, ls

Options
  -c, --column strings   (default [name,last updated,used by])
          Columns to display in table output. Available columns: name, created
          at, last updated, organization id, provisioner, active version id,
          used by, default ttl.
          
  -h, --help  
          help for list.
          
  -o, --output string   (default "table")
          Output format. Available formats: table, json.
