Manually manage Terraform state to fix broken workspaces

Usage:
  coder state [flags]

  coder state [command]

Commands:
  pull        Pull a Terraform state file from a workspace.
  push        Push a Terraform state file to a workspace.

Flags:
  -h, --help   help for state

Use "coder state [command] --help" for more information about a command.
